<!DOCTYPE html>
<html lang="en">
<head>
    <meta http-equiv="refresh" content="0;URL=../../libobs/constant.FAST_FAIL_KERNEL_POINTER_EXPECTED.html">
    <title>Redirection</title>
</head>
<body>
    <p>Redirecting to <a href="../../libobs/constant.FAST_FAIL_KERNEL_POINTER_EXPECTED.html">../../libobs/constant.FAST_FAIL_KERNEL_POINTER_EXPECTED.html</a>...</p>
    <script>location.replace("../../libobs/constant.FAST_FAIL_KERNEL_POINTER_EXPECTED.html" + location.search + location.hash);</script>
</body>
</html>